[0m11:25:59.739819 [debug] [MainThread]: Sending event: {'category': 'dbt', 'action': 'invocation', 'label': 'start', 'context': [<snowplow_tracker.self_describing_json.SelfDescribingJson object at 0x0000017C5A043740>, <snowplow_tracker.self_describing_json.SelfDescribingJson object at 0x0000017C58DBCD70>, <snowplow_tracker.self_describing_json.SelfDescribingJson object at 0x0000017C5A0435C0>]}


============================== 11:25:59.780468 | 0b95e7c7-83d9-496c-8688-ba2e6036bd6e ==============================
[0m11:25:59.780468 [info ] [MainThread]: Running with dbt=1.12.3
[0m11:25:59.781530 [debug] [MainThread]: running dbt with arguments {'version_check': 'True', 'no_print': 'None', 'static_parser': 'True', 'target_path': 'None', 'warn_error_options': 'WarnErrorOptionsV2(error=[], warn=[], silence=[])', 'maximum_seed_size_mib': '1', 'printer_width': '80', 'write_json': 'True', 'introspect': 'True', 'log_cache_events': 'False', 'empty': 'None', 'cache_selected_only': 'False', 'fail_fast': 'False', 'debug': 'False', 'log_format': 'default', 'partial_parse': 'True', 'send_anonymous_usage_stats': 'True', 'quiet': 'False', 'warn_error': 'None', 'profiles_dir': 'C:\\Users\\bhavy\\.dbt', 'invocation_command': 'dbt init', 'hints_enabled': 'True', 'indirect_selection': 'eager', 'use_experimental_parser': 'False', 'use_colors': 'True', 'log_path': 'logs'}
[0m11:26:12.014251 [debug] [MainThread]: Starter project path: C:\Users\bhavy\ANSH_DBT_TUTORIAL\.venv\Lib\site-packages\dbt\include\starter_project
[0m11:26:12.041333 [info ] [MainThread]: Setting up your profile.
[0m11:26:17.414840 [debug] [MainThread]: Spark adapter: Setting pyhive.hive logging to ERROR
[0m11:26:17.415849 [debug] [MainThread]: Spark adapter: Setting thrift.transport logging to ERROR
[0m11:26:17.415849 [debug] [MainThread]: Spark adapter: Setting thrift.protocol logging to ERROR
[0m11:28:22.548118 [info ] [MainThread]: Profile ansh_dbt_youtube written to C:\Users\bhavy\.dbt\profiles.yml using target's profile_template.yml and your supplied values.
[0m11:28:22.566584 [info ] [MainThread]: Running dbt debug to validate the project...
[0m11:28:22.567584 [info ] [MainThread]: dbt version: 1.12.3
[0m11:28:22.567584 [info ] [MainThread]: python version: 3.12.14
[0m11:28:22.567584 [info ] [MainThread]: python path: C:\Users\bhavy\ANSH_DBT_TUTORIAL\.venv\Scripts\python.exe
[0m11:28:22.567584 [info ] [MainThread]: os info: Windows-11-10.0.26200-SP0
[0m11:28:22.602587 [info ] [MainThread]: Using profiles dir at C:\Users\bhavy\.dbt
[0m11:28:22.602587 [info ] [MainThread]: Using profiles.yml file at C:\Users\bhavy\.dbt\profiles.yml
[0m11:28:22.604091 [info ] [MainThread]: Using dbt_project.yml file at C:\Users\bhavy\ANSH_DBT_TUTORIAL\ansh_dbt_youtube\dbt_project.yml
[0m11:28:22.604091 [info ] [MainThread]: adapter type: databricks
[0m11:28:22.604091 [info ] [MainThread]: adapter version: 1.12.5
[0m11:28:22.674096 [info ] [MainThread]: Configuration:
[0m11:28:22.674096 [info ] [MainThread]:   profiles.yml file [[32mOK found and valid[0m]
[0m11:28:22.675132 [info ] [MainThread]:   dbt_project.yml file [[32mOK found and valid[0m]
[0m11:28:22.675132 [info ] [MainThread]: Required dependencies:
[0m11:28:22.675132 [debug] [MainThread]: Executing "git --help"
[0m11:28:22.859062 [debug] [MainThread]: STDOUT: "b"usage: git [-v | --version] [-h | --help] [-C <path>] [-c <name>=<value>]\n           [--exec-path[=<path>]] [--html-path] [--man-path] [--info-path]\n           [-p | --paginate | -P | --no-pager] [--no-replace-objects] [--no-lazy-fetch]\n           [--no-optional-locks] [--no-advice] [--bare] [--git-dir=<path>]\n           [--work-tree=<path>] [--namespace=<name>] [--config-env=<name>=<envvar>]\n           <command> [<args>]\n\nThese are common Git commands used in various situations:\n\nstart a working area (see also: git help tutorial)\n   clone      Clone a repository into a new directory\n   init       Create an empty Git repository or reinitialize an existing one\n\nwork on the current change (see also: git help everyday)\n   add        Add file contents to the index\n   mv         Move or rename a file, a directory, or a symlink\n   restore    Restore working tree files\n   rm         Remove files from the working tree and from the index\n\nexamine the history and state (see also: git help revisions)\n   bisect     Use binary search to find the commit that introduced a bug\n   diff       Show changes between commits, commit and working tree, etc\n   grep       Print lines matching a pattern\n   log        Show commit logs\n   show       Show various types of objects\n   status     Show the working tree status\n\ngrow, mark and tweak your common history\n   backfill   Download missing objects in a partial clone\n   branch     List, create, or delete branches\n   commit     Record changes to the repository\n   history    EXPERIMENTAL: Rewrite history\n   merge      Join two or more development histories together\n   rebase     Reapply commits on top of another base tip\n   reset      Set `HEAD` or the index to a known state\n   switch     Switch branches\n   tag        Create, list, delete or verify tags\n\ncollaborate (see also: git help workflows)\n   fetch      Download objects and refs from another repository\n   pull       Fetch from and integrate with another repository or a local branch\n   push       Update remote refs along with associated objects\n\n'git help -a' and 'git help -g' list available subcommands and some\nconcept guides. See 'git help <command>' or 'git help <concept>'\nto read about a specific subcommand or concept.\nSee 'git help git' for an overview of the system.\n""
[0m11:28:22.859062 [debug] [MainThread]: STDERR: "b''"
[0m11:28:22.860062 [info ] [MainThread]:  - git [[32mOK found[0m]

[0m11:28:22.860062 [info ] [MainThread]: Connection:
[0m11:28:22.860062 [info ] [MainThread]:   host: dbc-97b570e7-fd73.cloud.databricks.com
[0m11:28:22.860062 [info ] [MainThread]:   http_path: /sql/1.0/warehouses/c7d2470008922963
[0m11:28:22.861062 [info ] [MainThread]:   catalog: default
[0m11:28:22.861062 [info ] [MainThread]:   schema: exit
[0m11:28:22.861062 [info ] [MainThread]: Registered adapter: databricks=1.12.5
[0m11:28:23.190154 [debug] [MainThread]: Databricks adapter: DatabricksDBTConnection(session-id=None, name=debug) - Creating connection
[0m11:28:23.190154 [debug] [MainThread]: Acquiring new databricks connection 'debug'
[0m11:28:24.622845 [info ] [MainThread]: Databricks adapter:   SPOG host (host_type='workspace'): no
[0m11:28:24.623852 [info ] [MainThread]: Databricks adapter:   workspace_id (from ?o= in http_path): None
[0m11:28:24.624740 [info ] [MainThread]: Databricks adapter:   databricks-sql-connector version: 4.4.0 (supported)
[0m11:28:24.624740 [info ] [MainThread]: Databricks adapter:   databricks-sdk version: 0.117.0 (supported)
[0m11:28:24.624740 [debug] [MainThread]: Using databricks connection "debug"
[0m11:28:24.625771 [debug] [MainThread]: On debug: select 1 as id
[0m11:28:24.625771 [debug] [MainThread]: Opening a new connection, currently in state init
[0m11:28:28.750385 [debug] [MainThread]: Databricks adapter: Connection(session-id=01f1ab4a-25e1-144b-828e-7503a9f697ab) - Created
[0m11:28:38.562855 [debug] [MainThread]: SQL status: OK in 13.940 seconds
[0m11:28:38.563989 [debug] [MainThread]: Databricks adapter: Cursor(session-id=01f1ab4a-25e1-144b-828e-7503a9f697ab, command-id=01f1ab4a-26fa-1921-b911-09b173003eab) - Closing
[0m11:28:39.006517 [debug] [MainThread]: On debug: Close
[0m11:28:39.006517 [debug] [MainThread]: Databricks adapter: Connection(session-id=01f1ab4a-25e1-144b-828e-7503a9f697ab) - Closing
[0m11:28:39.370265 [info ] [MainThread]:   Connection test: [[32mOK connection ok[0m]

[0m11:28:39.370265 [info ] [MainThread]: [32mAll checks passed![0m
[0m11:28:39.370265 [info ] [MainThread]: Your new dbt project "ansh_dbt_youtube" was created!
Initialized new project in C:\Users\bhavy\ANSH_DBT_TUTORIAL\ansh_dbt_youtube\ansh_dbt_youtube

For more information on how to configure the profiles.yml file,
please consult the dbt documentation here:

  https://docs.getdbt.com/docs/configure-your-profile

One more thing:

Need help? Don't hesitate to reach out to us via GitHub issues or on Slack:

  https://community.getdbt.com/

Happy modeling!

[0m11:28:39.371266 [debug] [MainThread]: Command `dbt init` succeeded at 11:28:39.371266 after 159.80 seconds
[0m11:28:39.372266 [debug] [MainThread]: Sending event: {'category': 'dbt', 'action': 'invocation', 'label': 'end', 'context': [<snowplow_tracker.self_describing_json.SelfDescribingJson object at 0x0000017C569524B0>, <snowplow_tracker.self_describing_json.SelfDescribingJson object at 0x0000017C5BBBA2A0>, <snowplow_tracker.self_describing_json.SelfDescribingJson object at 0x0000017C5FFB6C30>]}
[0m11:28:39.372266 [debug] [MainThread]: Flushing usage events
[0m11:28:40.610536 [debug] [MainThread]: An error was encountered while trying to flush usage events
[0m11:28:53.378482 [debug] [MainThread]: Sending event: {'category': 'dbt', 'action': 'invocation', 'label': 'start', 'context': [<snowplow_tracker.self_describing_json.SelfDescribingJson object at 0x000002549A226180>, <snowplow_tracker.self_describing_json.SelfDescribingJson object at 0x000002549A98AE70>, <snowplow_tracker.self_describing_json.SelfDescribingJson object at 0x000002549A98B590>]}


============================== 11:28:53.382182 | d414a4a5-3d29-413f-abce-a97f4ab55d57 ==============================
[0m11:28:53.382182 [info ] [MainThread]: Running with dbt=1.12.3
[0m11:28:53.382182 [debug] [MainThread]: running dbt with arguments {'static_parser': 'True', 'no_print': 'None', 'maximum_seed_size_mib': '1', 'target_path': 'None', 'warn_error_options': 'WarnErrorOptionsV2(error=[], warn=[], silence=[])', 'version_check': 'True', 'printer_width': '80', 'write_json': 'True', 'introspect': 'True', 'log_cache_events': 'False', 'empty': 'None', 'cache_selected_only': 'False', 'fail_fast': 'False', 'debug': 'False', 'log_format': 'default', 'partial_parse': 'True', 'send_anonymous_usage_stats': 'True', 'quiet': 'False', 'warn_error': 'None', 'profiles_dir': 'C:\\Users\\bhavy\\.dbt', 'use_colors': 'True', 'hints_enabled': 'True', 'invocation_command': 'dbt init', 'use_experimental_parser': 'False', 'indirect_selection': 'eager', 'log_path': 'logs'}
[0m11:29:45.544356 [debug] [MainThread]: Starter project path: C:\Users\bhavy\ANSH_DBT_TUTORIAL\.venv\Lib\site-packages\dbt\include\starter_project
[0m11:29:45.579109 [info ] [MainThread]: Setting up your profile.
[0m11:29:59.900790 [debug] [MainThread]: Spark adapter: Setting pyhive.hive logging to ERROR
[0m11:29:59.900790 [debug] [MainThread]: Spark adapter: Setting thrift.transport logging to ERROR
[0m11:29:59.900790 [debug] [MainThread]: Spark adapter: Setting thrift.protocol logging to ERROR
[0m11:31:27.902812 [info ] [MainThread]: Profile ansh_dbt_youtube written to C:\Users\bhavy\.dbt\profiles.yml using target's profile_template.yml and your supplied values.
[0m11:31:27.903745 [info ] [MainThread]: Running dbt debug to validate the project...
[0m11:31:27.904666 [info ] [MainThread]: dbt version: 1.12.3
[0m11:31:27.904666 [info ] [MainThread]: python version: 3.12.14
[0m11:31:27.905664 [info ] [MainThread]: python path: C:\Users\bhavy\ANSH_DBT_TUTORIAL\.venv\Scripts\python.exe
[0m11:31:27.905664 [info ] [MainThread]: os info: Windows-11-10.0.26200-SP0
[0m11:31:27.948144 [info ] [MainThread]: Using profiles dir at C:\Users\bhavy\.dbt
[0m11:31:27.948735 [info ] [MainThread]: Using profiles.yml file at C:\Users\bhavy\.dbt\profiles.yml
[0m11:31:27.948735 [info ] [MainThread]: Using dbt_project.yml file at C:\Users\bhavy\ANSH_DBT_TUTORIAL\ansh_dbt_youtube\dbt_project.yml
[0m11:31:27.949824 [info ] [MainThread]: adapter type: databricks
[0m11:31:27.949824 [info ] [MainThread]: adapter version: 1.12.5
[0m11:31:28.019995 [info ] [MainThread]: Configuration:
[0m11:31:28.020989 [info ] [MainThread]:   profiles.yml file [[32mOK found and valid[0m]
[0m11:31:28.020989 [info ] [MainThread]:   dbt_project.yml file [[32mOK found and valid[0m]
[0m11:31:28.021989 [info ] [MainThread]: Required dependencies:
[0m11:31:28.021989 [debug] [MainThread]: Executing "git --help"
[0m11:31:28.185363 [debug] [MainThread]: STDOUT: "b"usage: git [-v | --version] [-h | --help] [-C <path>] [-c <name>=<value>]\n           [--exec-path[=<path>]] [--html-path] [--man-path] [--info-path]\n           [-p | --paginate | -P | --no-pager] [--no-replace-objects] [--no-lazy-fetch]\n           [--no-optional-locks] [--no-advice] [--bare] [--git-dir=<path>]\n           [--work-tree=<path>] [--namespace=<name>] [--config-env=<name>=<envvar>]\n           <command> [<args>]\n\nThese are common Git commands used in various situations:\n\nstart a working area (see also: git help tutorial)\n   clone      Clone a repository into a new directory\n   init       Create an empty Git repository or reinitialize an existing one\n\nwork on the current change (see also: git help everyday)\n   add        Add file contents to the index\n   mv         Move or rename a file, a directory, or a symlink\n   restore    Restore working tree files\n   rm         Remove files from the working tree and from the index\n\nexamine the history and state (see also: git help revisions)\n   bisect     Use binary search to find the commit that introduced a bug\n   diff       Show changes between commits, commit and working tree, etc\n   grep       Print lines matching a pattern\n   log        Show commit logs\n   show       Show various types of objects\n   status     Show the working tree status\n\ngrow, mark and tweak your common history\n   backfill   Download missing objects in a partial clone\n   branch     List, create, or delete branches\n   commit     Record changes to the repository\n   history    EXPERIMENTAL: Rewrite history\n   merge      Join two or more development histories together\n   rebase     Reapply commits on top of another base tip\n   reset      Set `HEAD` or the index to a known state\n   switch     Switch branches\n   tag        Create, list, delete or verify tags\n\ncollaborate (see also: git help workflows)\n   fetch      Download objects and refs from another repository\n   pull       Fetch from and integrate with another repository or a local branch\n   push       Update remote refs along with associated objects\n\n'git help -a' and 'git help -g' list available subcommands and some\nconcept guides. See 'git help <command>' or 'git help <concept>'\nto read about a specific subcommand or concept.\nSee 'git help git' for an overview of the system.\n""
[0m11:31:28.185363 [debug] [MainThread]: STDERR: "b''"
[0m11:31:28.186462 [info ] [MainThread]:  - git [[32mOK found[0m]

[0m11:31:28.186462 [info ] [MainThread]: Connection:
[0m11:31:28.186462 [info ] [MainThread]:   host: dbc-97b570e7-fd73.cloud.databricks.com
[0m11:31:28.186462 [info ] [MainThread]:   http_path: /sql/1.0/warehouses/c7d2470008922963
[0m11:31:28.186462 [info ] [MainThread]:   catalog: dbt_tutorial_dev
[0m11:31:28.186462 [info ] [MainThread]:   schema: default
[0m11:31:28.186462 [info ] [MainThread]: Registered adapter: databricks=1.12.5
[0m11:31:28.501134 [debug] [MainThread]: Databricks adapter: DatabricksDBTConnection(session-id=None, name=debug) - Creating connection
[0m11:31:28.501134 [debug] [MainThread]: Acquiring new databricks connection 'debug'
[0m11:31:29.497917 [info ] [MainThread]: Databricks adapter:   SPOG host (host_type='workspace'): no
[0m11:31:29.498927 [info ] [MainThread]: Databricks adapter:   workspace_id (from ?o= in http_path): None
[0m11:31:29.498927 [info ] [MainThread]: Databricks adapter:   databricks-sql-connector version: 4.4.0 (supported)
[0m11:31:29.499927 [info ] [MainThread]: Databricks adapter:   databricks-sdk version: 0.117.0 (supported)
[0m11:31:29.499927 [debug] [MainThread]: Using databricks connection "debug"
[0m11:31:29.499927 [debug] [MainThread]: On debug: select 1 as id
[0m11:31:29.499927 [debug] [MainThread]: Opening a new connection, currently in state init
[0m11:31:33.495142 [debug] [MainThread]: Databricks adapter: Connection(session-id=01f1ab4a-940b-162e-8aaf-d3726dd2edba) - Created
[0m11:31:34.161210 [debug] [MainThread]: SQL status: OK in 4.660 seconds
[0m11:31:34.162120 [debug] [MainThread]: Databricks adapter: Cursor(session-id=01f1ab4a-940b-162e-8aaf-d3726dd2edba, command-id=01f1ab4a-9518-1e2e-8a99-772f5d0816d2) - Closing
[0m11:31:34.163110 [debug] [MainThread]: On debug: Close
[0m11:31:34.163110 [debug] [MainThread]: Databricks adapter: Connection(session-id=01f1ab4a-940b-162e-8aaf-d3726dd2edba) - Closing
[0m11:31:34.482838 [info ] [MainThread]:   Connection test: [[32mOK connection ok[0m]

[0m11:31:34.483730 [info ] [MainThread]: [32mAll checks passed![0m
[0m11:31:34.484733 [info ] [MainThread]: Your new dbt project "ansh_dbt_youtube" was created!
Initialized new project in C:\Users\bhavy\ANSH_DBT_TUTORIAL\ansh_dbt_youtube\ansh_dbt_youtube

For more information on how to configure the profiles.yml file,
please consult the dbt documentation here:

  https://docs.getdbt.com/docs/configure-your-profile

One more thing:

Need help? Don't hesitate to reach out to us via GitHub issues or on Slack:

  https://community.getdbt.com/

Happy modeling!

[0m11:31:34.486731 [debug] [MainThread]: Command `dbt init` succeeded at 11:31:34.486731 after 161.25 seconds
[0m11:31:34.486731 [debug] [MainThread]: Sending event: {'category': 'dbt', 'action': 'invocation', 'label': 'end', 'context': [<snowplow_tracker.self_describing_json.SelfDescribingJson object at 0x000002549C988710>, <snowplow_tracker.self_describing_json.SelfDescribingJson object at 0x000002549C989340>, <snowplow_tracker.self_describing_json.SelfDescribingJson object at 0x000002549D0A66F0>]}
[0m11:31:34.487857 [debug] [MainThread]: Flushing usage events
[0m11:31:35.695264 [debug] [MainThread]: An error was encountered while trying to flush usage events
[0m11:32:09.111746 [debug] [MainThread]: Sending event: {'category': 'dbt', 'action': 'invocation', 'label': 'start', 'context': [<snowplow_tracker.self_describing_json.SelfDescribingJson object at 0x0000018A496AE330>, <snowplow_tracker.self_describing_json.SelfDescribingJson object at 0x0000018A4C2E62A0>, <snowplow_tracker.self_describing_json.SelfDescribingJson object at 0x0000018A49F0C710>]}


============================== 11:32:09.114464 | 8db22e11-23e4-45b4-a97f-3d9b395713e6 ==============================
[0m11:32:09.114464 [info ] [MainThread]: Running with dbt=1.12.3
[0m11:32:09.114464 [debug] [MainThread]: running dbt with arguments {'version_check': 'True', 'no_print': 'None', 'maximum_seed_size_mib': '1', 'target_path': 'None', 'warn_error_options': 'WarnErrorOptionsV2(error=[], warn=[], silence=[])', 'static_parser': 'True', 'printer_width': '80', 'write_json': 'True', 'empty': 'None', 'log_cache_events': 'False', 'introspect': 'True', 'cache_selected_only': 'False', 'log_format': 'default', 'debug': 'False', 'fail_fast': 'False', 'profiles_dir': 'C:\\Users\\bhavy\\.dbt', 'send_anonymous_usage_stats': 'True', 'quiet': 'False', 'warn_error': 'None', 'partial_parse': 'True', 'use_colors': 'True', 'hints_enabled': 'True', 'invocation_command': 'dbt debug', 'use_experimental_parser': 'False', 'indirect_selection': 'eager', 'log_path': 'logs'}
[0m11:32:09.126054 [info ] [MainThread]: dbt version: 1.12.3
[0m11:32:09.126054 [info ] [MainThread]: python version: 3.12.14
[0m11:32:09.126983 [info ] [MainThread]: python path: C:\Users\bhavy\ANSH_DBT_TUTORIAL\.venv\Scripts\python.exe
[0m11:32:09.126983 [info ] [MainThread]: os info: Windows-11-10.0.26200-SP0
[0m11:32:09.811480 [debug] [MainThread]: Spark adapter: Setting pyhive.hive logging to ERROR
[0m11:32:09.811480 [debug] [MainThread]: Spark adapter: Setting thrift.transport logging to ERROR
[0m11:32:09.811480 [debug] [MainThread]: Spark adapter: Setting thrift.protocol logging to ERROR
[0m11:32:10.285349 [info ] [MainThread]: Using profiles dir at C:\Users\bhavy\.dbt
[0m11:32:10.286307 [info ] [MainThread]: Using profiles.yml file at C:\Users\bhavy\.dbt\profiles.yml
[0m11:32:10.286307 [info ] [MainThread]: Using dbt_project.yml file at C:\Users\bhavy\ANSH_DBT_TUTORIAL\dbt_project.yml
[0m11:32:10.286307 [error] [MainThread]: [[31mERROR[0m]: Encountered an error:
Internal Error
  Profile should not be None if loading profile completed
[0m11:32:10.287329 [debug] [MainThread]: Command `dbt debug` failed at 11:32:10.287329 after 1.33 seconds
[0m11:32:10.288343 [debug] [MainThread]: Sending event: {'category': 'dbt', 'action': 'invocation', 'label': 'end', 'context': [<snowplow_tracker.self_describing_json.SelfDescribingJson object at 0x0000018A4B7DCE30>, <snowplow_tracker.self_describing_json.SelfDescribingJson object at 0x0000018A01EE20F0>, <snowplow_tracker.self_describing_json.SelfDescribingJson object at 0x0000018A002ED280>]}
[0m11:32:10.288343 [debug] [MainThread]: Flushing usage events
[0m11:32:11.649496 [debug] [MainThread]: An error was encountered while trying to flush usage events
